Waiting for build...

> mainstage-pro@0.1.0 build
> prisma generate && next build

Environment variables loaded from .env
Prisma schema loaded from prisma/schema.prisma

✔ Generated Prisma Client (v5.22.0) to ./node_modules/@prisma/client in 1.01s

Start by importing your Prisma Client (See: https://pris.ly/d/importing-client)

Tip: Easily identify and fix slow SQL queries in your app. Optimize helps you enhance your visibility: https://pris.ly/--optimize

[@sentry/nextjs] DEPRECATION WARNING: autoInstrumentServerFunctions is deprecated and will be removed in a future version. Use webpack.autoInstrumentServerFunctions instead. (Not supported with Turbopack.)
[@sentry/nextjs] DEPRECATION WARNING: autoInstrumentMiddleware is deprecated and will be removed in a future version. Use webpack.autoInstrumentMiddleware instead. (Not supported with Turbopack.)
[@sentry/nextjs] DEPRECATION WARNING: disableLogger is deprecated and will be removed in a future version. Use webpack.treeshake.removeDebugLogging instead. (Not supported with Turbopack.)
▲ Next.js 16.2.3 (Turbopack)
- Environments: .env.local, .env.production, .env
- Experiments (use with caution):
  · clientTraceMetadata
  · staleTimes

⚠ The "middleware" file convention is deprecated. Please use "proxy" instead. Learn more: https://nextjs.org/docs/messages/middleware-to-proxy
  Creating an optimized production build ...
[@sentry/nextjs] DEPRECATION WARNING: autoInstrumentServerFunctions is deprecated and will be removed in a future version. Use webpack.autoInstrumentServerFunctions instead. (Not supported with Turbopack.)
[@sentry/nextjs] DEPRECATION WARNING: autoInstrumentMiddleware is deprecated and will be removed in a future version. Use webpack.autoInstrumentMiddleware instead. (Not supported with Turbopack.)
[@sentry/nextjs] DEPRECATION WARNING: disableLogger is deprecated and will be removed in a future version. Use webpack.treeshake.removeDebugLogging instead. (Not supported with Turbopack.)

-----
[1m[31mFATAL[39m[0m: An unexpected Turbopack error occurred. A panic log has been written to /var/folders/b7/59j5gj0s6d90jx53__13ylm00000gn/T/next-panic-1d70865cd0e52c3ce2366e3c538d2d20.log.

To help make Turbopack better, report this error by clicking here: https://bugs.nextjs.org/search?category=turbopack-error-report&title=Turbopack%20Error%3A%20creating%20new%20process&body=Turbopack%20version%3A%20%60c573e8c4f%60%0ANext.js%20version%3A%20%600.0.0%60%0A%0AError%20message%3A%0A%60%60%60%0Acreating%20new%20process%0A%0ACaused%20by%3A%0A-%20node%20process%20exited%20before%20we%20could%20connect%20to%20it%20with%20exit%20status%3A%200%0A%0ADebug%20info%3A%0A-%20Execution%20of%20get_all_written_entrypoints_with_issues_operation%20failed%0A-%20Execution%20of%20PlainIssue%3A%3Afrom_issue%20failed%0A-%20Execution%20of%20PlainSource%3A%3Afrom_source%20failed%0A-%20Execution%20of%20%3CWebpackLoadersProcessedAsset%20as%20Asset%3E%3A%3Acontent%20failed%0A-%20Execution%20of%20WebpackLoadersProcessedAsset%3A%3Aprocess%20failed%0A-%20Execution%20of%20evaluate_webpack_loader%20failed%0A-%20creating%20new%20process%0A-%20node%20process%20exited%20before%20we%20could%20connect%20to%20it%20with%20exit%20status%3A%200%0A%20%20Process%20output%3A%0A%20%20%0A%20%20Process%20error%20output%3A%0A%60%60%60&labels=Turbopack,Turbopack%20Panic%20Backtrace
-----


> Build error occurred
Error [TurbopackInternalError]: creating new process

Caused by:
- node process exited before we could connect to it with exit status: 0

Debug info:
- Execution of get_all_written_entrypoints_with_issues_operation failed
- Execution of PlainIssue::from_issue failed
- Execution of PlainSource::from_source failed
- Execution of <WebpackLoadersProcessedAsset as Asset>::content failed
- Execution of WebpackLoadersProcessedAsset::process failed
- Execution of evaluate_webpack_loader failed
- creating new process
- node process exited before we could connect to it with exit status: 0
  Process output:
  
  Process error output:
    at <unknown> (TurbopackInternalError: creating new process) {
  type: 'TurbopackInternalError',
  location: undefined
}
Build failed
